{
  "version": "1.5.0",
  "plugins_used": [
    {
      "name": "ArtifactoryDetector"
    },
    {
      "name": "AWSKeyDetector"
    },
    {
      "name": "AzureStorageKeyDetector"
    },
    {
      "name": "Base64HighEntropyString",
      "limit": 4.5
    },
    {
      "name": "BasicAuthDetector"
    },
    {
      "name": "CloudantDetector"
    },
    {
      "name": "DiscordBotTokenDetector"
    },
    {
      "name": "GitHubTokenDetector"
    },
    {
      "name": "GitLabTokenDetector"
    },
    {
      "name": "HexHighEntropyString",
      "limit": 3.0
    },
    {
      "name": "IbmCloudIamDetector"
    },
    {
      "name": "IbmCosHmacDetector"
    },
    {
      "name": "IPPublicDetector"
    },
    {
      "name": "JwtTokenDetector"
    },
    {
      "name": "KeywordDetector",
      "keyword_exclude": ""
    },
    {
      "name": "MailchimpDetector"
    },
    {
      "name": "NpmDetector"
    },
    {
      "name": "OpenAIDetector"
    },
    {
      "name": "PrivateKeyDetector"
    },
    {
      "name": "PypiTokenDetector"
    },
    {
      "name": "SendGridDetector"
    },
    {
      "name": "SlackDetector"
    },
    {
      "name": "SoftlayerDetector"
    },
    {
      "name": "SquareOAuthDetector"
    },
    {
      "name": "StripeDetector"
    },
    {
      "name": "TelegramBotTokenDetector"
    },
    {
      "name": "TwilioKeyDetector"
    }
  ],
  "filters_used": [
    {
      "path": "detect_secrets.filters.allowlist.is_line_allowlisted"
    },
    {
      "path": "detect_secrets.filters.common.is_baseline_file",
      "filename": ".secrets.baseline"
    },
    {
      "path": "detect_secrets.filters.common.is_ignored_due_to_verification_policies",
      "min_level": 2
    },
    {
      "path": "detect_secrets.filters.heuristic.is_indirect_reference"
    },
    {
      "path": "detect_secrets.filters.heuristic.is_likely_id_string"
    },
    {
      "path": "detect_secrets.filters.heuristic.is_lock_file"
    },
    {
      "path": "detect_secrets.filters.heuristic.is_not_alphanumeric_string"
    },
    {
      "path": "detect_secrets.filters.heuristic.is_potential_uuid"
    },
    {
      "path": "detect_secrets.filters.heuristic.is_prefixed_with_dollar_sign"
    },
    {
      "path": "detect_secrets.filters.heuristic.is_sequential_string"
    },
    {
      "path": "detect_secrets.filters.heuristic.is_swagger_file"
    },
    {
      "path": "detect_secrets.filters.heuristic.is_templated_secret"
    }
  ],
  "results": {
    "backend/.env": [
      {
        "type": "JSON Web Token",
        "filename": "backend/.env",
        "hashed_secret": "2618a7fe3d19ab6f1621b0b22767a1b21143a9c1",
        "is_verified": false,
        "line_number": 148
      }
    ],
    "backend/docs/mcp-server.md": [
      {
        "type": "Secret Keyword",
        "filename": "backend/docs/mcp-server.md",
        "hashed_secret": "ec3810e10fb78db55ce38b9c18d1c3eb1db739e0",
        "is_verified": false,
        "line_number": 40
      }
    ],
    "backend/tests/conftest.py": [
      {
        "type": "Secret Keyword",
        "filename": "backend/tests/conftest.py",
        "hashed_secret": "3acfb2c2b433c0ea7ff107e33df91b18e52f960f",
        "is_verified": false,
        "line_number": 34
      },
      {
        "type": "Secret Keyword",
        "filename": "backend/tests/conftest.py",
        "hashed_secret": "3dc7e2fb63440407dc929cdedd3c737992470d33",
        "is_verified": false,
        "line_number": 36
      }
    ],
    "backend/tests/test_security.py": [
      {
        "type": "Secret Keyword",
        "filename": "backend/tests/test_security.py",
        "hashed_secret": "f2b14f68eb995facb3a1c35287b778d5bd785511",
        "is_verified": false,
        "line_number": 25
      },
      {
        "type": "Secret Keyword",
        "filename": "backend/tests/test_security.py",
        "hashed_secret": "a4b48a81cdab1e1a5dd37907d6c85ca1c61ddc7c",
        "is_verified": false,
        "line_number": 36
      }
    ],
    "backend/tests/test_settings_api.py": [
      {
        "type": "Secret Keyword",
        "filename": "backend/tests/test_settings_api.py",
        "hashed_secret": "3acfb2c2b433c0ea7ff107e33df91b18e52f960f",
        "is_verified": false,
        "line_number": 16
      },
      {
        "type": "Secret Keyword",
        "filename": "backend/tests/test_settings_api.py",
        "hashed_secret": "a94a8fe5ccb19ba61c4c0873d391e987982fbbd3",
        "is_verified": false,
        "line_number": 124
      }
    ],
    "deploy/helm/meeting-agent/templates/secret.yaml": [
      {
        "type": "Secret Keyword",
        "filename": "deploy/helm/meeting-agent/templates/secret.yaml",
        "hashed_secret": "9039022ba7b947bf44dce0102ccbd44e3bb50fd8",
        "is_verified": false,
        "line_number": 4
      }
    ],
    "deploy/helm/meeting-agent/values.yaml": [
      {
        "type": "Secret Keyword",
        "filename": "deploy/helm/meeting-agent/values.yaml",
        "hashed_secret": "cc8ff452e2f8d055102abb649a38f01a1a2ac739",
        "is_verified": false,
        "line_number": 42
      }
    ],
    "docker-compose.observability.yaml": [
      {
        "type": "Secret Keyword",
        "filename": "docker-compose.observability.yaml",
        "hashed_secret": "d033e22ae348aeb5660fc2140aec35850c4da997",
        "is_verified": false,
        "line_number": 29
      }
    ],
    "frontend/src/i18n/locales/en.ts": [
      {
        "type": "Secret Keyword",
        "filename": "frontend/src/i18n/locales/en.ts",
        "hashed_secret": "47acd2028cf81b5da88ddeedb2aea4eca4b71fbd",
        "is_verified": false,
        "line_number": 73
      },
      {
        "type": "Secret Keyword",
        "filename": "frontend/src/i18n/locales/en.ts",
        "hashed_secret": "88010635b0c2424c1167ed70734700c3735aa085",
        "is_verified": false,
        "line_number": 100
      },
      {
        "type": "Secret Keyword",
        "filename": "frontend/src/i18n/locales/en.ts",
        "hashed_secret": "dd59dcbee36625a0091bc6d398956e33f64c75c1",
        "is_verified": false,
        "line_number": 143
      },
      {
        "type": "Secret Keyword",
        "filename": "frontend/src/i18n/locales/en.ts",
        "hashed_secret": "61d807790fb2f30f88a1e775d2cf7a7ec365f0a8",
        "is_verified": false,
        "line_number": 165
      },
      {
        "type": "Secret Keyword",
        "filename": "frontend/src/i18n/locales/en.ts",
        "hashed_secret": "614efedce688981e1e69ad6e7f5988185136f7ce",
        "is_verified": false,
        "line_number": 168
      },
      {
        "type": "Secret Keyword",
        "filename": "frontend/src/i18n/locales/en.ts",
        "hashed_secret": "80ef43e21bd695d0e17a5393c2f4e4d46bc8de02",
        "is_verified": false,
        "line_number": 170
      },
      {
        "type": "Secret Keyword",
        "filename": "frontend/src/i18n/locales/en.ts",
        "hashed_secret": "127603dc9784b6c5f6ffb8ad00da806d2939ee04",
        "is_verified": false,
        "line_number": 222
      }
    ],
    "frontend/src/i18n/locales/zh.ts": [
      {
        "type": "Secret Keyword",
        "filename": "frontend/src/i18n/locales/zh.ts",
        "hashed_secret": "47acd2028cf81b5da88ddeedb2aea4eca4b71fbd",
        "is_verified": false,
        "line_number": 74
      },
      {
        "type": "Secret Keyword",
        "filename": "frontend/src/i18n/locales/zh.ts",
        "hashed_secret": "88010635b0c2424c1167ed70734700c3735aa085",
        "is_verified": false,
        "line_number": 101
      },
      {
        "type": "Secret Keyword",
        "filename": "frontend/src/i18n/locales/zh.ts",
        "hashed_secret": "dd59dcbee36625a0091bc6d398956e33f64c75c1",
        "is_verified": false,
        "line_number": 144
      },
      {
        "type": "Secret Keyword",
        "filename": "frontend/src/i18n/locales/zh.ts",
        "hashed_secret": "61d807790fb2f30f88a1e775d2cf7a7ec365f0a8",
        "is_verified": false,
        "line_number": 166
      },
      {
        "type": "Secret Keyword",
        "filename": "frontend/src/i18n/locales/zh.ts",
        "hashed_secret": "614efedce688981e1e69ad6e7f5988185136f7ce",
        "is_verified": false,
        "line_number": 169
      },
      {
        "type": "Secret Keyword",
        "filename": "frontend/src/i18n/locales/zh.ts",
        "hashed_secret": "80ef43e21bd695d0e17a5393c2f4e4d46bc8de02",
        "is_verified": false,
        "line_number": 171
      }
    ]
  },
  "generated_at": "2026-05-04T13:03:06Z"
}
